// Jest Snapshot v1, https://goo.gl/fbAQLP

exports[`should render an the dashboard component 1`] = `
<div>
  Dashboardpage content
</div>
`;
